==================================== INPUT ====================================
//- foo.ts
graphql`
  fragment fooFirstNameFragment on Query {
   user { firstName }
  }`;
graphql`
  fragment fooLastNameFragment on Query {
   user { lastName }
  }`;
graphql`
  fragment fooDisplayNameFragment on Query {
   user { displayName }
  }`;
graphql`
  query fooQuery @raw_response_type {
   user {
    age
   }
   ...fooFirstNameFragment @defer
   ...fooLastNameFragment @defer
   ...fooDisplayNameFragment @defer
  }`;

//- relay.config.json
{
  "language": "typescript",
  "schema": "./schema.graphql",
  "eagerEsModules": true
}

//- schema.graphql
type User { firstName: String, lastName: String, displayName: String, age: Int }
type Query { user: User }

directive @defer(if: Boolean! = true, label: String) on FRAGMENT_SPREAD | INLINE_FRAGMENT
==================================== OUTPUT ===================================
//- __generated__/fooDisplayNameFragment.graphql.ts
/**
 * <auto-generated> SignedSource<<c4cba4101ebff5578cdc72244dc1d33b>>
 * @lightSyntaxTransform
 * @nogrep
 */

/* tslint:disable */
/* eslint-disable */
// @ts-nocheck

import { ReaderFragment } from 'relay-runtime';
import { FragmentRefs } from "relay-runtime";
export type fooDisplayNameFragment$data = {
  readonly user: {
    readonly displayName: string | null | undefined;
  } | null | undefined;
  readonly " $fragmentType": "fooDisplayNameFragment";
};
export type fooDisplayNameFragment$key = {
  readonly " $data"?: fooDisplayNameFragment$data;
  readonly " $fragmentSpreads": FragmentRefs<"fooDisplayNameFragment">;
};

const node: ReaderFragment = {
  "argumentDefinitions": [],
  "kind": "Fragment",
  "metadata": null,
  "name": "fooDisplayNameFragment",
  "selections": [
    {
      "alias": null,
      "args": null,
      "concreteType": "User",
      "kind": "LinkedField",
      "name": "user",
      "plural": false,
      "selections": [
        {
          "alias": null,
          "args": null,
          "kind": "ScalarField",
          "name": "displayName",
          "storageKey": null
        }
      ],
      "storageKey": null
    }
  ],
  "type": "Query",
  "abstractKey": null
};

(node as any).hash = "d3fe765abe703d8735acb1c0493887c1";

export default node;

//- __generated__/fooFirstNameFragment.graphql.ts
/**
 * <auto-generated> SignedSource<<6138102d8bd60f603ea72f79badf8caa>>
 * @lightSyntaxTransform
 * @nogrep
 */

/* tslint:disable */
/* eslint-disable */
// @ts-nocheck

import { ReaderFragment } from 'relay-runtime';
import { FragmentRefs } from "relay-runtime";
export type fooFirstNameFragment$data = {
  readonly user: {
    readonly firstName: string | null | undefined;
  } | null | undefined;
  readonly " $fragmentType": "fooFirstNameFragment";
};
export type fooFirstNameFragment$key = {
  readonly " $data"?: fooFirstNameFragment$data;
  readonly " $fragmentSpreads": FragmentRefs<"fooFirstNameFragment">;
};

const node: ReaderFragment = {
  "argumentDefinitions": [],
  "kind": "Fragment",
  "metadata": null,
  "name": "fooFirstNameFragment",
  "selections": [
    {
      "alias": null,
      "args": null,
      "concreteType": "User",
      "kind": "LinkedField",
      "name": "user",
      "plural": false,
      "selections": [
        {
          "alias": null,
          "args": null,
          "kind": "ScalarField",
          "name": "firstName",
          "storageKey": null
        }
      ],
      "storageKey": null
    }
  ],
  "type": "Query",
  "abstractKey": null
};

(node as any).hash = "52952652ae587b0f61e73c3af8343a95";

export default node;

//- __generated__/fooLastNameFragment.graphql.ts
/**
 * <auto-generated> SignedSource<<bff547b42eb749d67a178674e0483f00>>
 * @lightSyntaxTransform
 * @nogrep
 */

/* tslint:disable */
/* eslint-disable */
// @ts-nocheck

import { ReaderFragment } from 'relay-runtime';
import { FragmentRefs } from "relay-runtime";
export type fooLastNameFragment$data = {
  readonly user: {
    readonly lastName: string | null | undefined;
  } | null | undefined;
  readonly " $fragmentType": "fooLastNameFragment";
};
export type fooLastNameFragment$key = {
  readonly " $data"?: fooLastNameFragment$data;
  readonly " $fragmentSpreads": FragmentRefs<"fooLastNameFragment">;
};

const node: ReaderFragment = {
  "argumentDefinitions": [],
  "kind": "Fragment",
  "metadata": null,
  "name": "fooLastNameFragment",
  "selections": [
    {
      "alias": null,
      "args": null,
      "concreteType": "User",
      "kind": "LinkedField",
      "name": "user",
      "plural": false,
      "selections": [
        {
          "alias": null,
          "args": null,
          "kind": "ScalarField",
          "name": "lastName",
          "storageKey": null
        }
      ],
      "storageKey": null
    }
  ],
  "type": "Query",
  "abstractKey": null
};

(node as any).hash = "a06cd9d5b77286bcf611f97a4940e8e7";

export default node;

//- __generated__/fooQuery.graphql.ts
/**
 * <auto-generated> SignedSource<<e2c2e4109c1886974b747678717338ff>>
 * @lightSyntaxTransform
 * @nogrep
 */

/* tslint:disable */
/* eslint-disable */
// @ts-nocheck

import { ConcreteRequest } from 'relay-runtime';
import { FragmentRefs } from "relay-runtime";
export type fooQuery$variables = Record<PropertyKey, never>;
export type fooQuery$data = {
  readonly user: {
    readonly age: number | null | undefined;
  } | null | undefined;
  readonly " $fragmentSpreads": FragmentRefs<"fooDisplayNameFragment" | "fooFirstNameFragment" | "fooLastNameFragment">;
};
export type fooQuery$rawResponse = {
  readonly user: {
    readonly age: number | null | undefined;
    readonly firstName: string | null | undefined;
    readonly lastName: string | null | undefined;
    readonly displayName: string | null | undefined;
  } | null | undefined;
};
export type fooQuery = {
  rawResponse: fooQuery$rawResponse;
  response: fooQuery$data;
  variables: fooQuery$variables;
};

const node: ConcreteRequest = (function(){
var v0 = {
  "alias": null,
  "args": null,
  "concreteType": "User",
  "kind": "LinkedField",
  "name": "user",
  "plural": false,
  "selections": [
    {
      "alias": null,
      "args": null,
      "kind": "ScalarField",
      "name": "age",
      "storageKey": null
    }
  ],
  "storageKey": null
};
return {
  "fragment": {
    "argumentDefinitions": [],
    "kind": "Fragment",
    "metadata": null,
    "name": "fooQuery",
    "selections": [
      (v0/*: any*/),
      {
        "kind": "Defer",
        "selections": [
          {
            "args": null,
            "kind": "FragmentSpread",
            "name": "fooFirstNameFragment"
          }
        ]
      },
      {
        "kind": "Defer",
        "selections": [
          {
            "args": null,
            "kind": "FragmentSpread",
            "name": "fooLastNameFragment"
          }
        ]
      },
      {
        "kind": "Defer",
        "selections": [
          {
            "args": null,
            "kind": "FragmentSpread",
            "name": "fooDisplayNameFragment"
          }
        ]
      }
    ],
    "type": "Query",
    "abstractKey": null
  },
  "kind": "Request",
  "operation": {
    "argumentDefinitions": [],
    "kind": "Operation",
    "name": "fooQuery",
    "selections": [
      (v0/*: any*/),
      {
        "if": null,
        "kind": "Defer",
        "label": "fooQuery$defer$fooFirstNameFragment",
        "selections": [
          {
            "alias": null,
            "args": null,
            "concreteType": "User",
            "kind": "LinkedField",
            "name": "user",
            "plural": false,
            "selections": [
              {
                "alias": null,
                "args": null,
                "kind": "ScalarField",
                "name": "firstName",
                "storageKey": null
              }
            ],
            "storageKey": null
          }
        ]
      },
      {
        "if": null,
        "kind": "Defer",
        "label": "fooQuery$defer$fooLastNameFragment",
        "selections": [
          {
            "alias": null,
            "args": null,
            "concreteType": "User",
            "kind": "LinkedField",
            "name": "user",
            "plural": false,
            "selections": [
              {
                "alias": null,
                "args": null,
                "kind": "ScalarField",
                "name": "lastName",
                "storageKey": null
              }
            ],
            "storageKey": null
          }
        ]
      },
      {
        "if": null,
        "kind": "Defer",
        "label": "fooQuery$defer$fooDisplayNameFragment",
        "selections": [
          {
            "alias": null,
            "args": null,
            "concreteType": "User",
            "kind": "LinkedField",
            "name": "user",
            "plural": false,
            "selections": [
              {
                "alias": null,
                "args": null,
                "kind": "ScalarField",
                "name": "displayName",
                "storageKey": null
              }
            ],
            "storageKey": null
          }
        ]
      }
    ]
  },
  "params": {
    "cacheID": "35d84f976d62f644554b38a6d5f402da",
    "id": null,
    "metadata": {},
    "name": "fooQuery",
    "operationKind": "query",
    "text": "query fooQuery {\n  user {\n    age\n  }\n  ...fooFirstNameFragment @defer(label: \"fooQuery$defer$fooFirstNameFragment\")\n  ...fooLastNameFragment @defer(label: \"fooQuery$defer$fooLastNameFragment\")\n  ...fooDisplayNameFragment @defer(label: \"fooQuery$defer$fooDisplayNameFragment\")\n}\n\nfragment fooDisplayNameFragment on Query {\n  user {\n    displayName\n  }\n}\n\nfragment fooFirstNameFragment on Query {\n  user {\n    firstName\n  }\n}\n\nfragment fooLastNameFragment on Query {\n  user {\n    lastName\n  }\n}\n"
  }
};
})();

(node as any).hash = "7cd50035a6823553332a1e5a5e632cb9";

export default node;
